../Drivers/CMSIS/Include/core_cm4.h:2059:26:ITM_SendChar	16	static,ignoring_inline_asm
../Drivers/STM32WBxx_HAL_Driver/Inc/stm32wbxx_ll_bus.h:539:22:LL_AHB2_GRP1_EnableClock	24	static
../Core/Src/main.c:85:5:main	64	static
../Core/Src/main.c:216:6:SystemClock_Config	112	static
../Core/Src/main.c:264:6:PeriphCommonClock_Config	88	static
../Core/Src/main.c:288:13:MX_I2C3_Init	8	static
../Core/Src/main.c:336:13:MX_TIM1_Init	120	static
../Core/Src/main.c:426:13:MX_TIM2_Init	64	static
../Core/Src/main.c:489:13:MX_TIM16_Init	8	static
../Core/Src/main.c:521:13:MX_USB_PCD_Init	8	static
../Core/Src/main.c:554:13:MX_GPIO_Init	8	static
../Core/Src/main.c:569:5:_write	32	static
../Core/Src/main.c:582:6:HAL_TIM_PeriodElapsedCallback	24	static
../Core/Src/main.c:601:6:Error_Handler	4	static,ignoring_inline_asm
