../Drivers/CMSIS/Include/core_cm4.h:2059:26:ITM_SendChar	16	static,ignoring_inline_asm
../Drivers/STM32WBxx_HAL_Driver/Inc/stm32wbxx_ll_bus.h:539:22:LL_AHB2_GRP1_EnableClock	24	static
../Core/Src/main.c:71:6:control_rotation	16	static
../Core/Src/main.c:104:5:main	64	static
../Core/Src/main.c:255:6:SystemClock_Config	112	static
../Core/Src/main.c:303:6:PeriphCommonClock_Config	88	static
../Core/Src/main.c:327:13:MX_I2C3_Init	8	static
../Core/Src/main.c:375:13:MX_TIM1_Init	120	static
../Core/Src/main.c:465:13:MX_TIM2_Init	64	static
../Core/Src/main.c:528:13:MX_TIM16_Init	8	static
../Core/Src/main.c:560:13:MX_USB_PCD_Init	8	static
../Core/Src/main.c:593:13:MX_GPIO_Init	8	static
../Core/Src/main.c:608:5:_write	32	static
../Core/Src/main.c:621:6:HAL_TIM_PeriodElapsedCallback	24	static
../Core/Src/main.c:640:6:Error_Handler	4	static,ignoring_inline_asm
